Number,IsPrime
-1,False
0,False
1,False
4,False
6,False
8,False
9,False
-,False
2,False
3,False
5,False
7,False
11,False
13,False
17,False
19,False
23,False
29,False
31,False
37,False
41,False
43,False
47,False
53,False
59,False
61,False
67,False
71,False
73,False
79,False
83,False
89,False
97,False
